Component: ARM Compiler 5.06 update 1 (build 61) Tool: armlink [4d35a8]

==============================================================================

Section Cross References

    startup_stm32f10x_ld.o(RESET) refers to startup_stm32f10x_ld.o(STACK) for __initial_sp
    startup_stm32f10x_ld.o(RESET) refers to startup_stm32f10x_ld.o(.text) for Reset_Handler
    startup_stm32f10x_ld.o(RESET) refers to stm32f10x_it.o(i.NMI_Handler) for NMI_Handler
    startup_stm32f10x_ld.o(RESET) refers to stm32f10x_it.o(i.HardFault_Handler) for HardFault_Handler
    startup_stm32f10x_ld.o(RESET) refers to stm32f10x_it.o(i.MemManage_Handler) for MemManage_Handler
    startup_stm32f10x_ld.o(RESET) refers to stm32f10x_it.o(i.BusFault_Handler) for BusFault_Handler
    startup_stm32f10x_ld.o(RESET) refers to stm32f10x_it.o(i.UsageFault_Handler) for UsageFault_Handler
    startup_stm32f10x_ld.o(RESET) refers to stm32f10x_it.o(i.SVC_Handler) for SVC_Handler
    startup_stm32f10x_ld.o(RESET) refers to stm32f10x_it.o(i.DebugMon_Handler) for DebugMon_Handler
    startup_stm32f10x_ld.o(RESET) refers to os_cpu_a.o(.text) for PendSV_Handler
    startup_stm32f10x_ld.o(RESET) refers to delay.o(i.SysTick_Handler) for SysTick_Handler
    startup_stm32f10x_ld.o(RESET) refers to stm32f10x_it.o(i.USB_LP_CAN1_RX0_IRQHandler) for USB_LP_CAN1_RX0_IRQHandler
    startup_stm32f10x_ld.o(RESET) refers to usart.o(i.USART1_IRQHandler) for USART1_IRQHandler
    startup_stm32f10x_ld.o(.text) refers to system_stm32f10x.o(i.SystemInit) for SystemInit
    startup_stm32f10x_ld.o(.text) refers to entry.o(.ARM.Collect$$$$00000000) for __main
    system_stm32f10x.o(i.SystemCoreClockUpdate) refers to system_stm32f10x.o(.data) for .data
    system_stm32f10x.o(i.SystemInit) refers to system_stm32f10x.o(i.SetSysClockTo72) for SetSysClockTo72
    stm32f10x_adc.o(i.ADC_DeInit) refers to stm32f10x_rcc.o(i.RCC_APB2PeriphResetCmd) for RCC_APB2PeriphResetCmd
    stm32f10x_bkp.o(i.BKP_DeInit) refers to stm32f10x_rcc.o(i.RCC_BackupResetCmd) for RCC_BackupResetCmd
    stm32f10x_can.o(i.CAN_DeInit) refers to stm32f10x_rcc.o(i.RCC_APB1PeriphResetCmd) for RCC_APB1PeriphResetCmd
    stm32f10x_can.o(i.CAN_GetITStatus) refers to stm32f10x_can.o(i.CheckITStatus) for CheckITStatus
    stm32f10x_cec.o(i.CEC_DeInit) refers to stm32f10x_rcc.o(i.RCC_APB1PeriphResetCmd) for RCC_APB1PeriphResetCmd
    stm32f10x_dac.o(i.DAC_DeInit) refers to stm32f10x_rcc.o(i.RCC_APB1PeriphResetCmd) for RCC_APB1PeriphResetCmd
    stm32f10x_flash.o(i.FLASH_EnableWriteProtection) refers to stm32f10x_flash.o(i.FLASH_WaitForLastOperation) for FLASH_WaitForLastOperation
    stm32f10x_flash.o(i.FLASH_EraseAllBank1Pages) refers to stm32f10x_flash.o(i.FLASH_WaitForLastBank1Operation) for FLASH_WaitForLastBank1Operation
    stm32f10x_flash.o(i.FLASH_EraseAllPages) refers to stm32f10x_flash.o(i.FLASH_WaitForLastOperation) for FLASH_WaitForLastOperation
    stm32f10x_flash.o(i.FLASH_EraseOptionBytes) refers to stm32f10x_flash.o(i.FLASH_GetReadOutProtectionStatus) for FLASH_GetReadOutProtectionStatus
    stm32f10x_flash.o(i.FLASH_EraseOptionBytes) refers to stm32f10x_flash.o(i.FLASH_WaitForLastOperation) for FLASH_WaitForLastOperation
    stm32f10x_flash.o(i.FLASH_ErasePage) refers to stm32f10x_flash.o(i.FLASH_WaitForLastOperation) for FLASH_WaitForLastOperation
    stm32f10x_flash.o(i.FLASH_ProgramHalfWord) refers to stm32f10x_flash.o(i.FLASH_WaitForLastOperation) for FLASH_WaitForLastOperation
    stm32f10x_flash.o(i.FLASH_ProgramOptionByteData) refers to stm32f10x_flash.o(i.FLASH_WaitForLastOperation) for FLASH_WaitForLastOperation
    stm32f10x_flash.o(i.FLASH_ProgramWord) refers to stm32f10x_flash.o(i.FLASH_WaitForLastOperation) for FLASH_WaitForLastOperation
    stm32f10x_flash.o(i.FLASH_ReadOutProtection) refers to stm32f10x_flash.o(i.FLASH_WaitForLastOperation) for FLASH_WaitForLastOperation
    stm32f10x_flash.o(i.FLASH_UserOptionByteConfig) refers to stm32f10x_flash.o(i.FLASH_WaitForLastOperation) for FLASH_WaitForLastOperation
    stm32f10x_flash.o(i.FLASH_WaitForLastBank1Operation) refers to stm32f10x_flash.o(i.FLASH_GetBank1Status) for FLASH_GetBank1Status
    stm32f10x_flash.o(i.FLASH_WaitForLastOperation) refers to stm32f10x_flash.o(i.FLASH_GetBank1Status) for FLASH_GetBank1Status
    stm32f10x_gpio.o(i.GPIO_AFIODeInit) refers to stm32f10x_rcc.o(i.RCC_APB2PeriphResetCmd) for RCC_APB2PeriphResetCmd
    stm32f10x_gpio.o(i.GPIO_DeInit) refers to stm32f10x_rcc.o(i.RCC_APB2PeriphResetCmd) for RCC_APB2PeriphResetCmd
    stm32f10x_i2c.o(i.I2C_DeInit) refers to stm32f10x_rcc.o(i.RCC_APB1PeriphResetCmd) for RCC_APB1PeriphResetCmd
    stm32f10x_i2c.o(i.I2C_Init) refers to stm32f10x_rcc.o(i.RCC_GetClocksFreq) for RCC_GetClocksFreq
    stm32f10x_pwr.o(i.PWR_DeInit) refers to stm32f10x_rcc.o(i.RCC_APB1PeriphResetCmd) for RCC_APB1PeriphResetCmd
    stm32f10x_rcc.o(i.RCC_GetClocksFreq) refers to stm32f10x_rcc.o(.data) for .data
[...]
    i.contrl_task                            0x080043d4   Section        0  main.o(i.contrl_task)
    i.delay_init                             0x08004954   Section        0  delay.o(i.delay_init)
    i.delay_ms                               0x080049a0   Section        0  delay.o(i.delay_ms)
    i.delay_us                               0x080049e4   Section        0  delay.o(i.delay_us)
    i.font_init                              0x08004a28   Section        0  text.o(i.font_init)
    i.fputc                                  0x08004a50   Section        0  usart.o(i.fputc)
    i.get_place                              0x08004a68   Section        0  plu_control.o(i.get_place)
    i.key1_handle                            0x08004a8c   Section        0  main.o(i.key1_handle)
    i.key2_handle                            0x08004bbc   Section        0  main.o(i.key2_handle)
    i.key_task                               0x08004cc0   Section        0  main.o(i.key_task)
    i.lcd_init                               0x08004ed0   Section        0  display.o(i.lcd_init)
    i.main                                   0x08004eec   Section        0  main.o(i.main)
    i.pi_dispaly                             0x08004fcc   Section        0  display.o(i.pi_dispaly)
    i.plu_init                               0x08005098   Section        0  plu_control.o(i.plu_init)
    i.price_dis                              0x080050c8   Section        0  display.o(i.price_dis)
    i.pro_mode                               0x0800534c   Section        0  keypad.o(i.pro_mode)
    i.start_task                             0x080054f0   Section        0  main.o(i.start_task)
    i.tmr1_callback                          0x08005578   Section        0  main.o(i.tmr1_callback)
    i.tmr2_callback                          0x080055a0   Section        0  main.o(i.tmr2_callback)
    i.uart_init                              0x080055c4   Section        0  usart.o(i.uart_init)
    i.update_plu                             0x08005664   Section        0  plu_control.o(i.update_plu)
    i.usb_in_func                            0x0800574c   Section        0  main.o(i.usb_in_func)
    i.usb_task                               0x080058f4   Section        0  main.o(i.usb_task)
    i.weight_adjust                          0x0800592c   Section        0  main.o(i.weight_adjust)
    i.weight_dis                             0x08005a24   Section        0  display.o(i.weight_dis)
    .constdata                               0x08005ae8   Section       18  usb_desc.o(.constdata)
    .constdata                               0x08005afa   Section       32  usb_desc.o(.constdata)
    .constdata                               0x08005b1a   Section        4  usb_desc.o(.constdata)
    .constdata                               0x08005b1e   Section       20  usb_desc.o(.constdata)
    .constdata                               0x08005b32   Section       26  usb_desc.o(.constdata)
    .constdata                               0x08005b4c   Section      256  os_core.o(.constdata)
    .constdata                               0x08005c4c   Section    52288  lcd.o(.constdata)
    .constdata                               0x0801288c   Section    24596  lcd.o(.constdata)
    .data                                    0x20000000   Section       20  system_stm32f10x.o(.data)
    .data                                    0x20000014   Section       20  stm32f10x_rcc.o(.data)
    ADCPrescTable                            0x20000014   Data           4  stm32f10x_rcc.o(.data)
    APBAHBPrescTable                         0x20000018   Data          16  stm32f10x_rcc.o(.data)
    .data                                    0x20000028   Section        4  usb_core.o(.data)
    .data                                    0x2000002c   Section        1  usb_init.o(.data)
    .data                                    0x20000030   Section       12  usb_init.o(.data)
    .data                                    0x2000003c   Section        2  usb_init.o(.data)
    .data                                    0x2000003e   Section        4  usb_int.o(.data)
    .data                                    0x20000042   Section       26  usb_desc.o(.data)
    .data                                    0x2000005c   Section        8  usb_endp.o(.data)
    .data                                    0x20000064   Section        4  usb_istr.o(.data)
    .data                                    0x20000068   Section       28  usb_istr.o(.data)
    .data                                    0x20000084   Section       28  usb_istr.o(.data)
    .data                                    0x200000a0   Section        2  usb_prop.o(.data)
    .data                                    0x200000a4   Section      108  usb_prop.o(.data)
    .data                                    0x20000110   Section       36  usb_prop.o(.data)
    .data                                    0x20000134   Section        4  usb_pwr.o(.data)
    .data                                    0x20000138   Section        1  usb_pwr.o(.data)
    .data                                    0x20000139   Section        2  usb_pwr.o(.data)
    .data                                    0x2000013c   Section      688  main.o(.data)
    key1_output                              0x20000180   Data          40  main.o(.data)
    key1_input                               0x200001a8   Data          40  main.o(.data)
    key2_output                              0x200001d0   Data          56  main.o(.data)
    key2_input                               0x20000208   Data          40  main.o(.data)
    err_id                                   0x20000230   Data          15  main.o(.data)
    bengin_reminder                          0x2000023f   Data          28  main.o(.data)
    .data                                    0x200003ec   Section        2  os_cpu_c.o(.data)
    OSTmrCtr                                 0x200003ec   Data           2  os_cpu_c.o(.data)
    .data                                    0x200003f0   Section       60  os_core.o(.data)
    .data                                    0x2000042c   Section        4  os_core.o(.data)
    .data                                    0x20000430   Section        4  os_core.o(.data)
    .data                                    0x20000434   Section        2  os_core.o(.data)
    .data                                    0x20000436   Section        2  os_core.o(.data)
    .data                                    0x20000438   Section        4  os_core.o(.data)
    .data                                    0x2000043c   Section        4  os_core.o(.data)
    .data                                    0x20000440   Section        4  os_core.o(.data)
    .data                                    0x20000444   Section        4  os_core.o(.data)
    .data                                    0x20000448   Section        1  display.o(.data)
    flag                                     0x20000448   Data           1  display.o(.data)
    .data                                    0x2000044c   Section      136  keypad.o(.data)
    key1_output                              0x2000044c   Data          40  keypad.o(.data)
    key1_input                               0x20000474   Data          40  keypad.o(.data)
    key2_output                              0x2000049c   Data          56  keypad.o(.data)
    .data                                    0x200004d4   Section        2  w25qxx.o(.data)
    .data                                    0x200004d6   Section        4  delay.o(.data)
    fac_us                                   0x200004d6   Data           1  delay.o(.data)
    fac_ms                                   0x200004d8   Data           2  delay.o(.data)
    .data                                    0x200004da   Section        2  usart.o(.data)
    .data                                    0x200004dc   Section        4  usart.o(.data)
    .bss                                     0x200004e0   Section       28  usb_init.o(.bss)
    .bss                                     0x200004fc   Section      256  usb_endp.o(.bss)
    .bss                                     0x200005fc   Section     3820  main.o(.bss)
    .bss                                     0x200014e8   Section     2656  os_core.o(.bss)
    .bss                                     0x20001f48   Section       80  os_core.o(.bss)
    .bss                                     0x20001f98   Section      144  os_core.o(.bss)
    .bss                                     0x20002028   Section      640  os_core.o(.bss)
    .bss                                     0x200022a8   Section      512  os_core.o(.bss)
    .bss                                     0x200024a8   Section       64  os_core.o(.bss)
    .bss                                     0x200024e8   Section       14  lcd.o(.bss)
    .bss                                     0x200024f6   Section       33  text.o(.bss)
    .bss                                     0x20002518   Section     2048  stmflash.o(.bss)
    .bss                                     0x20002d18   Section      200  usart.o(.bss)
    STACK                                    0x20002de0   Section     1024  startup_stm32f10x_ld.o(STACK)

    Global Symbols

    Symbol Name                              Value     Ov Type        Size  Object(Section)

    BuildAttributes$$THM_ISAv4$P$D$K$B$S$PE$A:L22UL41UL21$X:L11$S22US41US21$IEEE1$IW$USESV6$~STKCKD$USESV7$~SHL$OTIME$ROPI$EBA8$MICROLIB$REQ8$PRES8$EABIv2 0x00000000   Number         0  anon$$obj.o ABSOLUTE
    __ARM_use_no_argv                        0x00000000   Number         0  main.o ABSOLUTE
    __use_no_errno                           0x00000000   Number         0  useno.o ABSOLUTE
    __use_no_exception_handling              0x00000000   Number         0  useno.o ABSOLUTE
    __use_no_fp                              0x00000000   Number         0  useno.o ABSOLUTE
    __use_no_heap                            0x00000000   Number         0  useno.o ABSOLUTE
    __use_no_heap_region                     0x00000000   Number         0  useno.o ABSOLUTE
    __use_no_semihosting                     0x00000000   Number         0  useno.o ABSOLUTE
    __use_no_semihosting_swi                 0x00000000   Number         0  useno.o ABSOLUTE
    __use_no_signal_handling                 0x00000000   Number         0  useno.o ABSOLUTE
    _printf_a                                0x00000000   Number         0  stubs.o ABSOLUTE
    _printf_c                                0x00000000   Number         0  stubs.o ABSOLUTE
    _printf_charcount                        0x00000000   Number         0  stubs.o ABSOLUTE
    _printf_d                                0x00000000   Number         0  stubs.o ABSOLUTE
    _printf_e                                0x00000000   Number         0  stubs.o ABSOLUTE
    _printf_f                                0x00000000   Number         0  stubs.o ABSOLUTE
    _printf_flags                            0x00000000   Number         0  stubs.o ABSOLUTE
    _printf_fp_dec                           0x00000000   Number         0  stubs.o ABSOLUTE
    _printf_fp_hex                           0x00000000   Number         0  stubs.o ABSOLUTE
    _printf_g                                0x00000000   Number         0  stubs.o ABSOLUTE
    _printf_i                                0x00000000   Number         0  stubs.o ABSOLUTE
    _printf_int_dec                          0x00000000   Number         0  stubs.o ABSOLUTE
    _printf_l                                0x00000000   Number         0  stubs.o ABSOLUTE
    _printf_lc                               0x00000000   Number         0  stubs.o ABSOLUTE
    _printf_ll                               0x00000000   Number         0  stubs.o ABSOLUTE
    _printf_lld                              0x00000000   Number         0  stubs.o ABSOLUTE
    _printf_lli                              0x00000000   Number         0  stubs.o ABSOLUTE
    _printf_llo                              0x00000000   Number         0  stubs.o ABSOLUTE
    _printf_llu                              0x00000000   Number         0  stubs.o ABSOLUTE
    _printf_llx                              0x00000000   Number         0  stubs.o ABSOLUTE
    _printf_longlong_dec                     0x00000000   Number         0  stubs.o ABSOLUTE
    _printf_longlong_hex                     0x00000000   Number         0  stubs.o ABSOLUTE
    _printf_longlong_oct                     0x00000000   Number         0  stubs.o ABSOLUTE
    _printf_ls                               0x00000000   Number         0  stubs.o ABSOLUTE
    _printf_mbtowc                           0x00000000   Number         0  stubs.o ABSOLUTE
    _printf_n                                0x00000000   Number         0  stubs.o ABSOLUTE
    _printf_o                                0x00000000   Number         0  stubs.o ABSOLUTE
    _printf_p                                0x00000000   Number         0  stubs.o ABSOLUTE
    _printf_percent                          0x00000000   Number         0  stubs.o ABSOLUTE
    _printf_pre_padding                      0x00000000   Number         0  stubs.o ABSOLUTE
    _printf_return_value                     0x00000000   Number         0  stubs.o ABSOLUTE
    _printf_s                                0x00000000   Number         0  stubs.o ABSOLUTE
    _printf_sizespec                         0x00000000   Number         0  stubs.o ABSOLUTE
    _printf_str                              0x00000000   Number         0  stubs.o ABSOLUTE
    _printf_truncate_signed                  0x00000000   Number         0  stubs.o ABSOLUTE
    _printf_truncate_unsigned                0x00000000   Number         0  stubs.o ABSOLUTE
    _printf_u                                0x00000000   Number         0  stubs.o ABSOLUTE
    _printf_wc                               0x00000000   Number         0  stubs.o ABSOLUTE
    _printf_wctomb                           0x00000000   Number         0  stubs.o ABSOLUTE
    _printf_widthprec                        0x00000000   Number         0  stubs.o ABSOLUTE
    _printf_x                                0x00000000   Number         0  stubs.o ABSOLUTE
    __cpp_initialize__aeabi_                  - Undefined Weak Reference
    __cxa_finalize                            - Undefined Weak Reference
    _clock_init                               - Undefined Weak Reference
    _microlib_exit                            - Undefined Weak Reference
    __Vectors_Size                           0x000000ec   Number         0  startup_stm32f10x_ld.o ABSOLUTE
    __Vectors                                0x08000000   Data           4  startup_stm32f10x_ld.o(RESET)
    __Vectors_End                            0x080000ec   Data           0  startup_stm32f10x_ld.o(RESET)
    __main                                   0x080000ed   Thumb Code     0  entry.o(.ARM.Collect$$$$00000000)
    _main_stk                                0x080000ed   Thumb Code     0  entry2.o(.ARM.Collect$$$$00000001)
    _main_scatterload                        0x080000f1   Thumb Code     0  entry5.o(.ARM.Collect$$$$00000004)
    __main_after_scatterload                 0x080000f5   Thumb Code     0  entry5.o(.ARM.Collect$$$$00000004)
    _main_clock                              0x080000f5   Thumb Code     0  entry7b.o(.ARM.Collect$$$$00000008)
    _main_cpp_init                           0x080000f5   Thumb Code     0  entry8b.o(.ARM.Collect$$$$0000000A)
    _main_init                               0x080000f5   Thumb Code     0  entry9a.o(.ARM.Collect$$$$0000000B)
    __rt_final_cpp                           0x080000fd   Thumb Code     0  entry10a.o(.ARM.Collect$$$$0000000D)
    __rt_final_exit                          0x080000fd   Thumb Code     0  entry11a.o(.ARM.Collect$$$$0000000F)
    Reset_Handler                            0x08000101   Thumb Code     8  startup_stm32f10x_ld.o(.text)
    ADC1_2_IRQHandler                        0x0800011b   Thumb Code     0  startup_stm32f10x_ld.o(.text)
    CAN1_RX1_IRQHandler                      0x0800011b   Thumb Code     0  startup_stm32f10x_ld.o(.text)
    CAN1_SCE_IRQHandler                      0x0800011b   Thumb Code     0  startup_stm32f10x_ld.o(.text)
    DMA1_Channel1_IRQHandler                 0x0800011b   Thumb Code     0  startup_stm32f10x_ld.o(.text)
    DMA1_Channel2_IRQHandler                 0x0800011b   Thumb Code     0  startup_stm32f10x_ld.o(.text)
    DMA1_Channel3_IRQHandler                 0x0800011b   Thumb Code     0  startup_stm32f10x_ld.o(.text)
    DMA1_Channel4_IRQHandler                 0x0800011b   Thumb Code     0  startup_stm32f10x_ld.o(.text)
    DMA1_Channel5_IRQHandler                 0x0800011b   Thumb Code     0  startup_stm32f10x_ld.o(.text)
    DMA1_Channel6_IRQHandler                 0x0800011b   Thumb Code     0  startup_stm32f10x_ld.o(.text)
    DMA1_Channel7_IRQHandler                 0x0800011b   Thumb Code     0  startup_stm32f10x_ld.o(.text)
    EXTI0_IRQHandler                         0x0800011b   Thumb Code     0  startup_stm32f10x_ld.o(.text)
    EXTI15_10_IRQHandler                     0x0800011b   Thumb Code     0  startup_stm32f10x_ld.o(.text)
    EXTI1_IRQHandler                         0x0800011b   Thumb Code     0  startup_stm32f10x_ld.o(.text)
    EXTI2_IRQHandler                         0x0800011b   Thumb Code     0  startup_stm32f10x_ld.o(.text)
    EXTI3_IRQHandler                         0x0800011b   Thumb Code     0  startup_stm32f10x_ld.o(.text)
    EXTI4_IRQHandler                         0x0800011b   Thumb Code     0  startup_stm32f10x_ld.o(.text)
    EXTI9_5_IRQHandler                       0x0800011b   Thumb Code     0  startup_stm32f10x_ld.o(.text)
    FLASH_IRQHandler                         0x0800011b   Thumb Code     0  startup_stm32f10x_ld.o(.text)
    I2C1_ER_IRQHandler                       0x0800011b   Thumb Code     0  startup_stm32f10x_ld.o(.text)
    I2C1_EV_IRQHandler                       0x0800011b   Thumb Code     0  startup_stm32f10x_ld.o(.text)
    PVD_IRQHandler                           0x0800011b   Thumb Code     0  startup_stm32f10x_ld.o(.text)
    RCC_IRQHandler                           0x0800011b   Thumb Code     0  startup_stm32f10x_ld.o(.text)
    RTCAlarm_IRQHandler                      0x0800011b   Thumb Code     0  startup_stm32f10x_ld.o(.text)
    RTC_IRQHandler                           0x0800011b   Thumb Code     0  startup_stm32f10x_ld.o(.text)
    SPI1_IRQHandler                          0x0800011b   Thumb Code     0  startup_stm32f10x_ld.o(.text)
    TAMPER_IRQHandler                        0x0800011b   Thumb Code     0  startup_stm32f10x_ld.o(.text)
    TIM1_BRK_IRQHandler                      0x0800011b   Thumb Code     0  startup_stm32f10x_ld.o(.text)
    TIM1_CC_IRQHandler                       0x0800011b   Thumb Code     0  startup_stm32f10x_ld.o(.text)
    TIM1_TRG_COM_IRQHandler                  0x0800011b   Thumb Code     0  startup_stm32f10x_ld.o(.text)
    TIM1_UP_IRQHandler                       0x0800011b   Thumb Code     0  startup_stm32f10x_ld.o(.text)
    TIM2_IRQHandler                          0x0800011b   Thumb Code     0  startup_stm32f10x_ld.o(.text)
    TIM3_IRQHandler                          0x0800011b   Thumb Code     0  startup_stm32f10x_ld.o(.text)
    USART2_IRQHandler                        0x0800011b   Thumb Code     0  startup_stm32f10x_ld.o(.text)
    USBWakeUp_IRQHandler                     0x0800011b   Thumb Code     0  startup_stm32f10x_ld.o(.text)
    USB_HP_CAN1_TX_IRQHandler                0x0800011b   Thumb Code     0  startup_stm32f10x_ld.o(.text)
    WWDG_IRQHandler                          0x0800011b   Thumb Code     0  startup_stm32f10x_ld.o(.text)
    OS_CPU_SR_Save                           0x08000125   Thumb Code     0  os_cpu_a.o(.text)
    OS_CPU_SR_Restore                        0x0800012d   Thumb Code     0  os_cpu_a.o(.text)
    OSStartHighRdy                           0x08000133   Thumb Code     0  os_cpu_a.o(.text)
    OSCtxSw                                  0x08000155   Thumb Code     0  os_cpu_a.o(.text)
    OSIntCtxSw                               0x08000163   Thumb Code     0  os_cpu_a.o(.text)
    PendSV_Handler                           0x08000173   Thumb Code     0  os_cpu_a.o(.text)
    __aeabi_memset                           0x080001d9   Thumb Code    14  memseta.o(.text)
    __aeabi_memset4                          0x080001d9   Thumb Code     0  memseta.o(.text)
    __aeabi_memset8                          0x080001d9   Thumb Code     0  memseta.o(.text)
    __aeabi_memclr                           0x080001e7   Thumb Code     4  memseta.o(.text)
    __aeabi_memclr4                          0x080001e7   Thumb Code     0  memseta.o(.text)
    __aeabi_memclr8                          0x080001e7   Thumb Code     0  memseta.o(.text)
    _memset$wrapper                          0x080001eb   Thumb Code    18  memseta.o(.text)
    __aeabi_fmul                             0x080001fd   Thumb Code   100  fmul.o(.text)
    __aeabi_fdiv                             0x08000261   Thumb Code   124  fdiv.o(.text)
    __aeabi_i2f                              0x080002dd   Thumb Code    18  fflti.o(.text)
    __aeabi_f2iz                             0x080002ef   Thumb Code    50  ffixi.o(.text)
    __aeabi_uldivmod                         0x08000321   Thumb Code    98  uldiv.o(.text)
    __I$use$fp                               0x08000383   Thumb Code     0  iusefp.o(.text)
    _float_round                             0x08000383   Thumb Code    18  fepilogue.o(.text)
    _float_epilogue                          0x08000395   Thumb Code    92  fepilogue.o(.text)
    __scatterload                            0x080003f1   Thumb Code    28  init.o(.text)
    __scatterload_rt2                        0x080003f1   Thumb Code     0  init.o(.text)
    __aeabi_llsl                             0x08000415   Thumb Code    30  llshl.o(.text)
    _ll_shift_l                              0x08000415   Thumb Code     0  llshl.o(.text)
    __aeabi_llsr                             0x08000433   Thumb Code    32  llushr.o(.text)
    _ll_ushift_r                             0x08000433   Thumb Code     0  llushr.o(.text)
    __decompress                             0x08000453   Thumb Code     0  __dclz77c.o(.text)
    __decompress2                            0x08000453   Thumb Code    94  __dclz77c.o(.text)
    ADc_Init                                 0x080004b1   Thumb Code    70  hx710_1.o(i.ADc_Init)
    AUDIO_init                               0x0800050d   Thumb Code    48  main.o(i.AUDIO_init)
    Beep_Init                                0x08000545   Thumb Code    38  main.o(i.Beep_Init)
    BlockWrite                               0x08000571   Thumb Code    54  lcd.o(i.BlockWrite)
    BusFault_Handler                         0x080005ad   Thumb Code     2  stm32f10x_it.o(i.BusFault_Handler)
    ByteSwap                                 0x080005af   Thumb Code    10  usb_regs.o(i.ByteSwap)
    CTR_LP                                   0x080005b9   Thumb Code   318  usb_int.o(i.CTR_LP)
    ClearDTOG_RX                             0x08000715   Thumb Code    36  usb_regs.o(i.ClearDTOG_RX)
    ClearDTOG_TX                             0x0800073d   Thumb Code    36  usb_regs.o(i.ClearDTOG_TX)
    Clear_Status_Out                         0x08000765   Thumb Code    28  usb_regs.o(i.Clear_Status_Out)
    CustomHID_Data_Setup                     0x08000785   Thumb Code    74  usb_prop.o(i.CustomHID_Data_Setup)
    CustomHID_GetConfigDescriptor            0x080007e1   Thumb Code     6  usb_prop.o(i.CustomHID_GetConfigDescriptor)
    CustomHID_GetDeviceDescriptor            0x080007ed   Thumb Code     6  usb_prop.o(i.CustomHID_GetDeviceDescriptor)
    CustomHID_GetHIDDescriptor               0x080007f9   Thumb Code     6  usb_prop.o(i.CustomHID_GetHIDDescriptor)
    CustomHID_GetProtocolValue               0x08000805   Thumb Code    18  usb_prop.o(i.CustomHID_GetProtocolValue)
    CustomHID_GetReportDescriptor            0x08000821   Thumb Code     4  usb_prop.o(i.CustomHID_GetReportDescriptor)
    CustomHID_GetStringDescriptor            0x08000825   Thumb Code    24  usb_prop.o(i.CustomHID_GetStringDescriptor)
    CustomHID_Get_Interface_Setting          0x08000845   Thumb Code    10  usb_prop.o(i.CustomHID_Get_Interface_Setting)
    CustomHID_NoData_Setup                   0x08000851   Thumb Code    26  usb_prop.o(i.CustomHID_NoData_Setup)
    CustomHID_Reset                          0x08000871   Thumb Code   202  usb_prop.o(i.CustomHID_Reset)
    CustomHID_SetConfiguration               0x0800094d   Thumb Code    16  usb_prop.o(i.CustomHID_SetConfiguration)
    CustomHID_SetDeviceAddress               0x08000965   Thumb Code     8  usb_prop.o(i.CustomHID_SetDeviceAddress)
    CustomHID_SetProtocol                    0x08000971   Thumb Code    14  usb_prop.o(i.CustomHID_SetProtocol)
    CustomHID_Status_In                      0x08000989   Thumb Code     2  usb_prop.o(i.CustomHID_Status_In)
    CustomHID_Status_Out                     0x0800098b   Thumb Code     2  usb_prop.o(i.CustomHID_Status_Out)
    CustomHID_init                           0x0800098d   Thumb Code    28  usb_prop.o(i.CustomHID_init)
    DebugMon_Handler                         0x08000ca5   Thumb Code     2  stm32f10x_it.o(i.DebugMon_Handler)
    EP1_IN_Callback                          0x08000ccb   Thumb Code     2  usb_endp.o(i.EP1_IN_Callback)
    EP1_OUT_Callback                         0x08000ccd   Thumb Code    54  usb_endp.o(i.EP1_OUT_Callback)
    EP2_IN_Callback                          0x08000d21   Thumb Code     2  usb_endp.o(i.EP2_IN_Callback)
    EP2_OUT_Callback                         0x08000d25   Thumb Code    40  usb_endp.o(i.EP2_OUT_Callback)
    Enter_LowPowerMode                       0x08000d55   Thumb Code     2  hw_config.o(i.Enter_LowPowerMode)
    FLASH_ErasePage                          0x08000d59   Thumb Code    56  stm32f10x_flash.o(i.FLASH_ErasePage)
    FLASH_GetBank1Status                     0x08000d95   Thumb Code    34  stm32f10x_flash.o(i.FLASH_GetBank1Status)
    FLASH_Lock                               0x08000dbd   Thumb Code    12  stm32f10x_flash.o(i.FLASH_Lock)
    FLASH_ProgramHalfWord                    0x08000dcd   Thumb Code    48  stm32f10x_flash.o(i.FLASH_ProgramHalfWord)
    FLASH_Unlock                             0x08000e01   Thumb Code    12  stm32f10x_flash.o(i.FLASH_Unlock)
    FLASH_WaitForLastOperation               0x08000e19   Thumb Code    36  stm32f10x_flash.o(i.FLASH_WaitForLastOperation)
    FSMC_NORSRAMCmd                          0x08000e3d   Thumb Code    26  stm32f10x_fsmc.o(i.FSMC_NORSRAMCmd)
    FSMC_NORSRAMInit                         0x08000e5d   Thumb Code   200  stm32f10x_fsmc.o(i.FSMC_NORSRAMInit)
    GPIO_Init                                0x08000f25   Thumb Code   162  stm32f10x_gpio.o(i.GPIO_Init)
    GPIO_ReadInputDataBit                    0x08000fc7   Thumb Code    14  stm32f10x_gpio.o(i.GPIO_ReadInputDataBit)
    GPIO_ResetBits                           0x08000fd5   Thumb Code     4  stm32f10x_gpio.o(i.GPIO_ResetBits)
    GPIO_SetBits                             0x08000fd9   Thumb Code     4  stm32f10x_gpio.o(i.GPIO_SetBits)
    GetAdValue                               0x08000fdd   Thumb Code   108  hx710_1.o(i.GetAdValue)
    GetEPRxAddr                              0x0800104d   Thumb Code    22  usb_regs.o(i.GetEPRxAddr)
    GetEPRxCount                             0x0800106d   Thumb Code    24  usb_regs.o(i.GetEPRxCount)
    GetEPTxAddr                              0x0800108d   Thumb Code    20  usb_regs.o(i.GetEPTxAddr)
    Get_HzMat                                0x080010a9   Thumb Code   138  text.o(i.Get_HzMat)
    Get_SerialNum                            0x08001139   Thumb Code    44  hw_config.o(i.Get_SerialNum)
    HDMI_init                                0x0800116d   Thumb Code    44  main.o(i.HDMI_init)
    HardFault_Handler                        0x080011a1   Thumb Code     2  stm32f10x_it.o(i.HardFault_Handler)
    In0_Process                              0x080011a5   Thumb Code    80  usb_core.o(i.In0_Process)
    K_init                                   0x08001239   Thumb Code    20  keypad.o(i.K_init)
    Key1_scan_init                           0x08001255   Thumb Code   112  keypad.o(i.Key1_scan_init)
    Key2_scan_init                           0x080012d1   Thumb Code   168  keypad.o(i.Key2_scan_init)
    LCD_Fast_DrawPoint                       0x080013dd   Thumb Code    52  lcd.o(i.LCD_Fast_DrawPoint)
    LCD_Fill                                 0x08001415   Thumb Code    76  lcd.o(i.LCD_Fill)
    LCD_Fill_Pic                             0x08001461   Thumb Code    52  lcd.o(i.LCD_Fill_Pic)
    LCD_GPIO_Config                          0x08001499   Thumb Code   194  display.o(i.LCD_GPIO_Config)
    LCD_ShowChar                             0x08001569   Thumb Code   174  lcd.o(i.LCD_ShowChar)
    LCD_ShowChar8                            0x08001625   Thumb Code   168  lcd.o(i.LCD_ShowChar8)
    LCD_ShowString8                          0x080016d5   Thumb Code    90  lcd.o(i.LCD_ShowString8)
    LCD_ShowString8_red                      0x0800172f   Thumb Code    90  lcd.o(i.LCD_ShowString8_red)
    LCD_ShowStringNum                        0x08001789   Thumb Code    90  lcd.o(i.LCD_ShowStringNum)
    Lcd_ColorBox                             0x080017e5   Thumb Code    40  lcd.o(i.Lcd_ColorBox)
    Lcd_Initialize                           0x08001811   Thumb Code  1036  lcd.o(i.Lcd_Initialize)
    Leave_LowPowerMode                       0x08001c1d   Thumb Code     2  hw_config.o(i.Leave_LowPowerMode)
    MemManage_Handler                        0x08001c1f   Thumb Code     2  stm32f10x_it.o(i.MemManage_Handler)
    NMI_Handler                              0x08001c21   Thumb Code     2  stm32f10x_it.o(i.NMI_Handler)
    NOP_Process                              0x08001c23   Thumb Code     2  usb_core.o(i.NOP_Process)
    NVIC_Init                                0x08001c25   Thumb Code    94  misc.o(i.NVIC_Init)
    NVIC_PriorityGroupConfig                 0x08001c89   Thumb Code    10  misc.o(i.NVIC_PriorityGroupConfig)
    OSInit                                   0x08001d71   Thumb Code   224  os_core.o(i.OSInit)
    OSInitHookBegin                          0x08001e89   Thumb Code     8  os_cpu_c.o(i.OSInitHookBegin)
    OSInitHookEnd                            0x08001e95   Thumb Code     2  os_cpu_c.o(i.OSInitHookEnd)
    OSIntEnter                               0x08001e99   Thumb Code    20  os_core.o(i.OSIntEnter)
    OSIntExit                                0x08001eb1   Thumb Code    82  os_core.o(i.OSIntExit)
    OSMboxCreate                             0x08001f0d   Thumb Code    54  os_mbox.o(i.OSMboxCreate)
    OSMboxPend                               0x08001f4d   Thumb Code   188  os_mbox.o(i.OSMboxPend)
    OSMboxPost                               0x08002015   Thumb Code    76  os_mbox.o(i.OSMboxPost)
    OSSchedLock                              0x08002061   Thumb Code    38  os_core.o(i.OSSchedLock)
    OSSchedUnlock                            0x0800208d   Thumb Code    54  os_core.o(i.OSSchedUnlock)
    OSSemCreate                              0x080020c9   Thumb Code    54  os_sem.o(i.OSSemCreate)
    OSSemPend                                0x08002109   Thumb Code   172  os_sem.o(i.OSSemPend)
    OSSemPost                                0x080021c1   Thumb Code    82  os_sem.o(i.OSSemPost)
    OSStart                                  0x08002215   Thumb Code    38  os_core.o(i.OSStart)
    OSTCBInitHook                            0x08002245   Thumb Code     2  os_cpu_c.o(i.OSTCBInitHook)
    OSTaskCreate                             0x08002249   Thumb Code   124  os_task.o(i.OSTaskCreate)
    OSTaskCreateExt                          0x080022d1   Thumb Code   144  os_task.o(i.OSTaskCreateExt)
    OSTaskCreateHook                         0x0800236d   Thumb Code     2  os_cpu_c.o(i.OSTaskCreateHook)
    OSTaskIdleHook                           0x0800236f   Thumb Code     2  os_cpu_c.o(i.OSTaskIdleHook)
    OSTaskNameSet                            0x08002371   Thumb Code    76  os_task.o(i.OSTaskNameSet)
    OSTaskResume                             0x080023c9   Thumb Code   120  os_task.o(i.OSTaskResume)
    OSTaskStatHook                           0x08002451   Thumb Code     2  os_cpu_c.o(i.OSTaskStatHook)
    OSTaskStkChk                             0x08002455   Thumb Code   108  os_task.o(i.OSTaskStkChk)
    OSTaskStkInit                            0x080024c9   Thumb Code   116  os_cpu_c.o(i.OSTaskStkInit)
    OSTaskSuspend                            0x0800253d   Thumb Code   128  os_task.o(i.OSTaskSuspend)
    OSTaskSwHook                             0x080025cd   Thumb Code     2  os_cpu_c.o(i.OSTaskSwHook)
    OSTimeDly                                0x080025d1   Thumb Code    82  os_time.o(i.OSTimeDly)
    OSTimeTick                               0x08002639   Thumb Code   154  os_core.o(i.OSTimeTick)
    OSTimeTickHook                           0x080026d9   Thumb Code    24  os_cpu_c.o(i.OSTimeTickHook)
    OSTmrCreate                              0x080026f5   Thumb Code   110  os_tmr.o(i.OSTmrCreate)
    OSTmrSignal                              0x08002775   Thumb Code     8  os_tmr.o(i.OSTmrSignal)
    OSTmrStart                               0x08002781   Thumb Code    96  os_tmr.o(i.OSTmrStart)
    OSTmrStop                                0x080027e5   Thumb Code   148  os_tmr.o(i.OSTmrStop)
    OSTmr_Init                               0x0800287d   Thumb Code   174  os_tmr.o(i.OSTmr_Init)
    OS_EventTaskRdy                          0x08002a6d   Thumb Code    86  os_core.o(i.OS_EventTaskRdy)
    OS_EventTaskRemove                       0x08002ad1   Thumb Code    32  os_core.o(i.OS_EventTaskRemove)
    OS_EventTaskWait                         0x08002af1   Thumb Code    68  os_core.o(i.OS_EventTaskWait)
    OS_EventWaitListInit                     0x08002b39   Thumb Code    20  os_core.o(i.OS_EventWaitListInit)
    OS_FlagInit                              0x08002b4d   Thumb Code    60  os_flag.o(i.OS_FlagInit)
    OS_MemClr                                0x08002c05   Thumb Code    18  os_core.o(i.OS_MemClr)
    OS_QInit                                 0x08002c19   Thumb Code    56  os_q.o(i.OS_QInit)
    OS_Sched                                 0x08002c59   Thumb Code    64  os_core.o(i.OS_Sched)
    OS_TCBInit                               0x08002cc1   Thumb Code   222  os_core.o(i.OS_TCBInit)
    OS_TaskIdle                              0x08002dad   Thumb Code    24  os_core.o(i.OS_TaskIdle)
    OS_TaskStat                              0x08002dc9   Thumb Code    82  os_core.o(i.OS_TaskStat)
    OS_TaskStatStkChk                        0x08002e21   Thumb Code    50  os_core.o(i.OS_TaskStatStkChk)
    OS_TaskStkClr                            0x08002e59   Thumb Code    22  os_task.o(i.OS_TaskStkClr)
    Out0_Process                             0x08002e71   Thumb Code    62  usb_core.o(i.Out0_Process)
    PMAToUserBufferCopy                      0x08002eb9   Thumb Code    26  usb_mem.o(i.PMAToUserBufferCopy)
    Post0_Process                            0x08002ed9   Thumb Code    52  usb_core.o(i.Post0_Process)
    PowerOn                                  0x08002f1d   Thumb Code    36  usb_pwr.o(i.PowerOn)
    RCC_AHBPeriphClockCmd                    0x08002f49   Thumb Code    18  stm32f10x_rcc.o(i.RCC_AHBPeriphClockCmd)
    RCC_APB1PeriphClockCmd                   0x08002f61   Thumb Code    18  stm32f10x_rcc.o(i.RCC_APB1PeriphClockCmd)
    RCC_APB2PeriphClockCmd                   0x08002f79   Thumb Code    18  stm32f10x_rcc.o(i.RCC_APB2PeriphClockCmd)
    RCC_GetClocksFreq                        0x08002f91   Thumb Code   128  stm32f10x_rcc.o(i.RCC_GetClocksFreq)
    RCC_USBCLKConfig                         0x08003021   Thumb Code     8  stm32f10x_rcc.o(i.RCC_USBCLKConfig)
    Resume                                   0x0800302d   Thumb Code   116  usb_pwr.o(i.Resume)
    Resume_Init                              0x080030a9   Thumb Code    26  usb_pwr.o(i.Resume_Init)
    SPI2_Init                                0x080030c9   Thumb Code   138  spi.o(i.SPI2_Init)
    SPI2_ReadWriteByte                       0x0800315d   Thumb Code    76  spi.o(i.SPI2_ReadWriteByte)
    SPI2_SetSpeed                            0x080031ad   Thumb Code    24  spi.o(i.SPI2_SetSpeed)
    SPI_Cmd                                  0x080031c9   Thumb Code    20  stm32f10x_spi.o(i.SPI_Cmd)
    SPI_I2S_GetFlagStatus                    0x080031dd   Thumb Code    14  stm32f10x_spi.o(i.SPI_I2S_GetFlagStatus)
    SPI_I2S_ReceiveData                      0x080031eb   Thumb Code     4  stm32f10x_spi.o(i.SPI_I2S_ReceiveData)
    SPI_I2S_SendData                         0x080031ef   Thumb Code     4  stm32f10x_spi.o(i.SPI_I2S_SendData)
    SPI_Init                                 0x080031f3   Thumb Code    56  stm32f10x_spi.o(i.SPI_Init)
    STMFLASH_Read                            0x0800322d   Thumb Code    26  stmflash.o(i.STMFLASH_Read)
    STMFLASH_Write                           0x08003249   Thumb Code   190  stmflash.o(i.STMFLASH_Write)
    STMFLASH_Write_NoCheck                   0x0800330d   Thumb Code    40  stmflash.o(i.STMFLASH_Write_NoCheck)
    SVC_Handler                              0x08003335   Thumb Code     2  stm32f10x_it.o(i.SVC_Handler)
    SetBTABLE                                0x08003339   Thumb Code    10  usb_regs.o(i.SetBTABLE)
    SetDeviceAddress                         0x08003349   Thumb Code    58  usb_core.o(i.SetDeviceAddress)
    SetEPRxAddr                              0x08003391   Thumb Code    24  usb_regs.o(i.SetEPRxAddr)
    SetEPRxCount                             0x080033b1   Thumb Code    54  usb_regs.o(i.SetEPRxCount)
    SetEPRxStatus                            0x080033f1   Thumb Code    44  usb_regs.o(i.SetEPRxStatus)
    SetEPRxValid                             0x08003421   Thumb Code    32  usb_regs.o(i.SetEPRxValid)
    SetEPTxAddr                              0x08003445   Thumb Code    22  usb_regs.o(i.SetEPTxAddr)
    SetEPTxCount                             0x08003465   Thumb Code    20  usb_regs.o(i.SetEPTxCount)
    SetEPTxStatus                            0x08003481   Thumb Code    44  usb_regs.o(i.SetEPTxStatus)
    SetEPTxValid                             0x080034b1   Thumb Code    32  usb_regs.o(i.SetEPTxValid)
    SetEPType                                0x080034d5   Thumb Code    24  usb_regs.o(i.SetEPType)
    Set_USBClock                             0x08003599   Thumb Code    20  hw_config.o(i.Set_USBClock)
    Setup0_Process                           0x080035ad   Thumb Code    92  usb_core.o(i.Setup0_Process)
    ShowChar8                                0x08003615   Thumb Code   190  lcd.o(i.ShowChar8)
    Show_Font                                0x080036dd   Thumb Code   150  text.o(i.Show_Font)
    Show_Str                                 0x08003773   Thumb Code   146  text.o(i.Show_Str)
    Standard_ClearFeature                    0x08003805   Thumb Code   232  usb_core.o(i.Standard_ClearFeature)
    Standard_GetConfiguration                0x08003901   Thumb Code    30  usb_core.o(i.Standard_GetConfiguration)
    Standard_GetDescriptorData               0x08003929   Thumb Code    24  usb_core.o(i.Standard_GetDescriptorData)
    Standard_GetInterface                    0x08003945   Thumb Code    30  usb_core.o(i.Standard_GetInterface)
    Standard_GetStatus                       0x0800396d   Thumb Code   130  usb_core.o(i.Standard_GetStatus)
    Standard_SetConfiguration                0x08003a01   Thumb Code    42  usb_core.o(i.Standard_SetConfiguration)
    Standard_SetDeviceFeature                0x08003a39   Thumb Code    26  usb_core.o(i.Standard_SetDeviceFeature)
    Standard_SetEndPointFeature              0x08003a5d   Thumb Code   118  usb_core.o(i.Standard_SetEndPointFeature)
    Standard_SetInterface                    0x08003ae5   Thumb Code    60  usb_core.o(i.Standard_SetInterface)
    Suspend                                  0x08003b2d   Thumb Code    26  usb_pwr.o(i.Suspend)
    SysTick_CLKSourceConfig                  0x08003b4d   Thumb Code    24  misc.o(i.SysTick_CLKSourceConfig)
    SysTick_Handler                          0x08003b65   Thumb Code    28  delay.o(i.SysTick_Handler)
    SystemInit                               0x08003b85   Thumb Code    64  system_stm32f10x.o(i.SystemInit)
    USART1_IRQHandler                        0x08003bd5   Thumb Code    94  usart.o(i.USART1_IRQHandler)
    USART_Cmd                                0x08003c41   Thumb Code    20  stm32f10x_usart.o(i.USART_Cmd)
    USART_GetITStatus                        0x08003c55   Thumb Code    62  stm32f10x_usart.o(i.USART_GetITStatus)
    USART_ITConfig                           0x08003c93   Thumb Code    48  stm32f10x_usart.o(i.USART_ITConfig)
    USART_Init                               0x08003cc5   Thumb Code   166  stm32f10x_usart.o(i.USART_Init)
    USART_ReceiveData                        0x08003d71   Thumb Code     8  stm32f10x_usart.o(i.USART_ReceiveData)
    USB_Cable_Config                         0x08003d79   Thumb Code    20  hw_config.o(i.USB_Cable_Config)
    USB_GetData                              0x08003d91   Thumb Code    26  usbio.o(i.USB_GetData)
    USB_Init                                 0x08003db1   Thumb Code    22  usb_init.o(i.USB_Init)
    USB_Interrupts_Config                    0x08003dd9   Thumb Code    32  hw_config.o(i.USB_Interrupts_Config)
    USB_Istr                                 0x08003df9   Thumb Code   166  usb_istr.o(i.USB_Istr)
    USB_LP_CAN1_RX0_IRQHandler               0x08003eb5   Thumb Code     4  stm32f10x_it.o(i.USB_LP_CAN1_RX0_IRQHandler)
    USB_SIL_Init                             0x08003eb9   Thumb Code    24  usb_sil.o(i.USB_SIL_Init)
    USB_SendData                             0x08003ed9   Thumb Code    46  usbio.o(i.USB_SendData)
    UsageFault_Handler                       0x08003f07   Thumb Code     2  stm32f10x_it.o(i.UsageFault_Handler)
    UserToPMABufferCopy                      0x08003f09   Thumb Code    38  usb_mem.o(i.UserToPMABufferCopy)
    W25QXX_Init                              0x08003f35   Thumb Code    92  w25qxx.o(i.W25QXX_Init)
    W25QXX_Read                              0x08003fad   Thumb Code    76  w25qxx.o(i.W25QXX_Read)
    W25QXX_ReadID                            0x08003ffd   Thumb Code    62  w25qxx.o(i.W25QXX_ReadID)
    W25QXX_ReadSR                            0x08004041   Thumb Code    32  w25qxx.o(i.W25QXX_ReadSR)
    __0printf$5                              0x08004065   Thumb Code    22  printf5.o(i.__0printf$5)
    __1printf$5                              0x08004065   Thumb Code     0  printf5.o(i.__0printf$5)
    __2printf                                0x08004065   Thumb Code     0  printf5.o(i.__0printf$5)
    __scatterload_copy                       0x08004085   Thumb Code    14  handlers.o(i.__scatterload_copy)
    __scatterload_null                       0x08004093   Thumb Code     2  handlers.o(i.__scatterload_null)
    __scatterload_zeroinit                   0x08004095   Thumb Code    14  handlers.o(i.__scatterload_zeroinit)
    ad_task                                  0x08004365   Thumb Code   108  main.o(i.ad_task)
    contrl_task                              0x080043d5   Thumb Code  1408  main.o(i.contrl_task)
    delay_init                               0x08004955   Thumb Code    62  delay.o(i.delay_init)
    delay_ms                                 0x080049a1   Thumb Code    56  delay.o(i.delay_ms)
    delay_us                                 0x080049e5   Thumb Code    62  delay.o(i.delay_us)
    font_init                                0x08004a29   Thumb Code    32  text.o(i.font_init)
    fputc                                    0x08004a51   Thumb Code    18  usart.o(i.fputc)
    get_place                                0x08004a69   Thumb Code    34  plu_control.o(i.get_place)
    key1_handle                              0x08004a8d   Thumb Code   290  main.o(i.key1_handle)
    key2_handle                              0x08004bbd   Thumb Code   236  main.o(i.key2_handle)
    key_task                                 0x08004cc1   Thumb Code   480  main.o(i.key_task)
    lcd_init                                 0x08004ed1   Thumb Code    16  display.o(i.lcd_init)
    main                                     0x08004eed   Thumb Code   162  main.o(i.main)
    pi_dispaly                               0x08004fcd   Thumb Code   194  display.o(i.pi_dispaly)
    plu_init                                 0x08005099   Thumb Code    38  plu_control.o(i.plu_init)
    price_dis                                0x080050c9   Thumb Code   630  display.o(i.price_dis)
    pro_mode                                 0x0800534d   Thumb Code   316  keypad.o(i.pro_mode)
    start_task                               0x080054f1   Thumb Code    98  main.o(i.start_task)
    tmr1_callback                            0x08005579   Thumb Code    30  main.o(i.tmr1_callback)
    tmr2_callback                            0x080055a1   Thumb Code    26  main.o(i.tmr2_callback)
    uart_init                                0x080055c5   Thumb Code   152  usart.o(i.uart_init)
    update_plu                               0x08005665   Thumb Code   206  plu_control.o(i.update_plu)
    usb_in_func                              0x0800574d   Thumb Code   362  main.o(i.usb_in_func)
    usb_task                                 0x080058f5   Thumb Code    34  main.o(i.usb_task)
    weight_adjust                            0x0800592d   Thumb Code   218  main.o(i.weight_adjust)
    weight_dis                               0x08005a25   Thumb Code   190  display.o(i.weight_dis)
    CustomHID_DeviceDescriptor               0x08005ae8   Data          18  usb_desc.o(.constdata)
    CustomHID_ConfigDescriptor               0x08005afa   Data          32  usb_desc.o(.constdata)
    CustomHID_StringLangID                   0x08005b1a   Data           4  usb_desc.o(.constdata)
    CustomHID_StringVendor                   0x08005b1e   Data          20  usb_desc.o(.constdata)
    CustomHID_StringProduct                  0x08005b32   Data          26  usb_desc.o(.constdata)
    OSUnMapTbl                               0x08005b4c   Data         256  os_core.o(.constdata)
    gImage_MM_T035                           0x08005c4c   Data       52288  lcd.o(.constdata)
    asc2_1608                                0x0801288c   Data        1520  lcd.o(.constdata)
    asc2_2412                                0x08012e7c   Data        3420  lcd.o(.constdata)
    asc2_2448                                0x08013bd8   Data        2016  lcd.o(.constdata)
    asc2_24xx                                0x080143b8   Data       17640  lcd.o(.constdata)
    Region$$Table$$Base                      0x080188a0   Number         0  anon$$obj.o(Region$$Table)
    Region$$Table$$Limit                     0x080188c0   Number         0  anon$$obj.o(Region$$Table)
    SystemCoreClock                          0x20000000   Data           4  system_stm32f10x.o(.data)
    AHBPrescTable                            0x20000004   Data          16  system_stm32f10x.o(.data)
    Data_Mul_MaxPacketSize                   0x20000028   Data           1  usb_core.o(.data)
    StatusInfo                               0x2000002a   Data           2  usb_core.o(.data)
    EPindex                                  0x2000002c   Data           1  usb_init.o(.data)
    pInformation                             0x20000030   Data           4  usb_init.o(.data)
    pProperty                                0x20000034   Data           4  usb_init.o(.data)
    pUser_Standard_Requests                  0x20000038   Data           4  usb_init.o(.data)
    wInterrupt_Mask                          0x2000003c   Data           2  usb_init.o(.data)
    SaveRState                               0x2000003e   Data           2  usb_int.o(.data)
    SaveTState                               0x20000040   Data           2  usb_int.o(.data)
    CustomHID_StringSerial                   0x20000042   Data          26  usb_desc.o(.data)
    EP1_ReceivedCount                        0x2000005c   Data           4  usb_endp.o(.data)
    EP2_ReceivedCount                        0x20000060   Data           4  usb_endp.o(.data)
    bIntPackSOF                              0x20000064   Data           1  usb_istr.o(.data)
    wIstr                                    0x20000066   Data           2  usb_istr.o(.data)
    pEpInt_IN                                0x20000068   Data          28  usb_istr.o(.data)
    pEpInt_OUT                               0x20000084   Data          28  usb_istr.o(.data)
    Device_Table                             0x200000a0   Data           2  usb_prop.o(.data)
    ProtocolValue                            0x200000a4   Data           4  usb_prop.o(.data)
    Device_Descriptor                        0x200000a8   Data           8  usb_prop.o(.data)
    Config_Descriptor                        0x200000b0   Data           8  usb_prop.o(.data)
    CustomHID_Descriptor                     0x200000b8   Data           8  usb_prop.o(.data)
    Device_Property                          0x200000c0   Data          48  usb_prop.o(.data)
    String_Descriptor                        0x200000f0   Data          32  usb_prop.o(.data)
    User_Standard_Requests                   0x20000110   Data          36  usb_prop.o(.data)
    bDeviceState                             0x20000134   Data           4  usb_pwr.o(.data)
    fSuspendEnabled                          0x20000138   Data           1  usb_pwr.o(.data)
    ResumeS                                  0x20000139   Data           2  usb_pwr.o(.data)
    priceFlag                                0x2000013c   Data           1  main.o(.data)
    pointflag                                0x2000013d   Data           1  main.o(.data)
    stability                                0x2000013e   Data           1  main.o(.data)
    err_price_flag                           0x2000013f   Data           1  main.o(.data)
    beep_flag                                0x20000140   Data           1  main.o(.data)
    beep_two                                 0x20000141   Data           1  main.o(.data)
    goods_flag                               0x20000142   Data           1  main.o(.data)
    key2n                                    0x20000143   Data           1  main.o(.data)
    goods_num                                0x20000144   Data           1  main.o(.data)
    addflag                                  0x20000145   Data           1  main.o(.data)
    clearflag                                0x20000146   Data           1  main.o(.data)
    removeflag                               0x20000147   Data           1  main.o(.data)
    updateflag                               0x20000148   Data           1  main.o(.data)
    K                                        0x2000014c   Data           4  main.o(.data)
    weight_real                              0x20000150   Data           4  main.o(.data)
    g_price                                  0x20000154   Data           4  main.o(.data)
    g_total                                  0x20000158   Data           4  main.o(.data)
    g_sumtotal                               0x2000015c   Data           4  main.o(.data)
    adjust                                   0x20000160   Data           4  main.o(.data)
    g_peel                                   0x20000164   Data           4  main.o(.data)
    g_weight                                 0x20000168   Data           4  main.o(.data)
    keymsg                                   0x2000016c   Data           4  main.o(.data)
    USBMBox                                  0x20000170   Data           4  main.o(.data)
    admsg                                    0x20000174   Data           4  main.o(.data)
    tmr1                                     0x20000178   Data           4  main.o(.data)
    tmr2                                     0x2000017c   Data           4  main.o(.data)
    key1_map                                 0x2000025c   Data         200  main.o(.data)
    key2_map                                 0x20000324   Data         200  main.o(.data)
    OSCPUUsage                               0x200003f0   Data           1  os_core.o(.data)
    OSStatRdy                                0x200003f1   Data           1  os_core.o(.data)
    OSIntNesting                             0x200003f2   Data           1  os_core.o(.data)
    OSLockNesting                            0x200003f3   Data           1  os_core.o(.data)
    OSPrioCur                                0x200003f4   Data           1  os_core.o(.data)
    OSPrioHighRdy                            0x200003f5   Data           1  os_core.o(.data)
    OSRdyGrp                                 0x200003f6   Data           1  os_core.o(.data)
    OSRunning                                0x200003f7   Data           1  os_core.o(.data)
    OSTaskCtr                                0x200003f8   Data           1  os_core.o(.data)
    OSTickStepState                          0x200003f9   Data           1  os_core.o(.data)
    OSCtxSwCtr                               0x200003fc   Data           4  os_core.o(.data)
    OSEventFreeList                          0x20000400   Data           4  os_core.o(.data)
    OSIdleCtrMax                             0x20000404   Data           4  os_core.o(.data)
    OSIdleCtrRun                             0x20000408   Data           4  os_core.o(.data)
    OSIdleCtr                                0x2000040c   Data           4  os_core.o(.data)
    OSTCBCur                                 0x20000410   Data           4  os_core.o(.data)
    OSTCBFreeList                            0x20000414   Data           4  os_core.o(.data)
    OSTCBHighRdy                             0x20000418   Data           4  os_core.o(.data)
    OSTCBList                                0x2000041c   Data           4  os_core.o(.data)
    OSTime                                   0x20000420   Data           4  os_core.o(.data)
    OSRdyTbl                                 0x20000424   Data           8  os_core.o(.data)
    OSFlagFreeList                           0x2000042c   Data           4  os_core.o(.data)
    OSQFreeList                              0x20000430   Data           4  os_core.o(.data)
    OSTmrFree                                0x20000434   Data           2  os_core.o(.data)
    OSTmrUsed                                0x20000436   Data           2  os_core.o(.data)
    OSTmrTime                                0x20000438   Data           4  os_core.o(.data)
    OSTmrSem                                 0x2000043c   Data           4  os_core.o(.data)
    OSTmrSemSignal                           0x20000440   Data           4  os_core.o(.data)
    OSTmrFreeList                            0x20000444   Data           4  os_core.o(.data)
    W25QXX_TYPE                              0x200004d4   Data           2  w25qxx.o(.data)
    USART_RX_STA                             0x200004da   Data           2  usart.o(.data)
    __stdout                                 0x200004dc   Data           4  usart.o(.data)
    Device_Info                              0x200004e0   Data          28  usb_init.o(.bss)
    USB_Receive_Buffer                       0x200004fc   Data         256  usb_endp.o(.bss)
    plu_info                                 0x200005fc   Data        1050  main.o(.bss)
    plu_gbk                                  0x20000a16   Data          26  main.o(.bss)
    usb_send_buff                            0x20000a30   Data          64  main.o(.bss)
    totalprice                               0x20000a70   Data          40  main.o(.bss)
    priceNum                                 0x20000a98   Data          40  main.o(.bss)
    weightNum                                0x20000ac0   Data          40  main.o(.bss)
    START_TASK_STK                           0x20000ae8   Data         512  main.o(.bss)
    Contrl_TASK_STK                          0x20000ce8   Data         512  main.o(.bss)
    USB_TASK_STK                             0x20000ee8   Data         512  main.o(.bss)
    KEY_TASK_STK                             0x200010e8   Data         512  main.o(.bss)
    AD_TASK_STK                              0x200012e8   Data         512  main.o(.bss)
    OSEventTbl                               0x200014e8   Data         200  os_core.o(.bss)
    OSTaskStatStk                            0x200015b0   Data         512  os_core.o(.bss)
    OSTaskIdleStk                            0x200017b0   Data         512  os_core.o(.bss)
    OSTCBPrioTbl                             0x200019b0   Data         256  os_core.o(.bss)
    OSTCBTbl                                 0x20001ab0   Data        1176  os_core.o(.bss)
    OSFlagTbl                                0x20001f48   Data          80  os_core.o(.bss)
    OSQTbl                                   0x20001f98   Data         144  os_core.o(.bss)
    OSTmrTbl                                 0x20002028   Data         640  os_core.o(.bss)
    OSTmrTaskStk                             0x200022a8   Data         512  os_core.o(.bss)
    OSTmrWheelTbl                            0x200024a8   Data          64  os_core.o(.bss)
    lcddev                                   0x200024e8   Data          14  lcd.o(.bss)
    ftinfo                                   0x200024f6   Data          33  text.o(.bss)
    STMFLASH_BUF                             0x20002518   Data        2048  stmflash.o(.bss)
    USART_RX_BUF                             0x20002d18   Data         200  usart.o(.bss)
    __initial_sp                             0x200031e0   Data           0  startup_stm32f10x_ld.o(STACK)



==============================================================================

Memory Map of the image

  Image Entry point : 0x080000ed

  Load Region LR_IROM1 (Base: 0x08000000, Size: 0x00018da0, Max: 0x00080000, ABSOLUTE, COMPRESSED[0x00018a64])

    Execution Region ER_IROM1 (Base: 0x08000000, Size: 0x000188c0, Max: 0x00080000, ABSOLUTE)

    Base Addr    Size         Type   Attr      Idx    E Section Name        Object

    0x08000000   0x000000ec   Data   RO            3    RESET               startup_stm32f10x_ld.o
    0x080000ec   0x00000000   Code   RO         5766  * .ARM.Collect$$$$00000000  mc_w.l(entry.o)
    0x080000ec   0x00000004   Code   RO         6042    .ARM.Collect$$$$00000001  mc_w.l(entry2.o)
    0x080000f0   0x00000004   Code   RO         6045    .ARM.Collect$$$$00000004  mc_w.l(entry5.o)
    0x080000f4   0x00000000   Code   RO         6047    .ARM.Collect$$$$00000008  mc_w.l(entry7b.o)
    0x080000f4   0x00000000   Code   RO         6049    .ARM.Collect$$$$0000000A  mc_w.l(entry8b.o)
    0x080000f4   0x00000008   Code   RO         6050    .ARM.Collect$$$$0000000B  mc_w.l(entry9a.o)
    0x080000fc   0x00000000   Code   RO         6052    .ARM.Collect$$$$0000000D  mc_w.l(entry10a.o)
    0x080000fc   0x00000000   Code   RO         6054    .ARM.Collect$$$$0000000F  mc_w.l(entry11a.o)
    0x080000fc   0x00000004   Code   RO         6043    .ARM.Collect$$$$00002712  mc_w.l(entry2.o)
    0x08000100   0x00000024   Code   RO            4    .text               startup_stm32f10x_ld.o
    0x08000124   0x000000b4   Code   RO         5076    .text               os_cpu_a.o
    0x080001d8   0x00000024   Code   RO         5769    .text               mc_w.l(memseta.o)
    0x080001fc   0x00000064   Code   RO         6034    .text               mf_w.l(fmul.o)
    0x08000260   0x0000007c   Code   RO         6036    .text               mf_w.l(fdiv.o)
    0x080002dc   0x00000012   Code   RO         6038    .text               mf_w.l(fflti.o)
    0x080002ee   0x00000032   Code   RO         6040    .text               mf_w.l(ffixi.o)
    0x08000320   0x00000062   Code   RO         6058    .text               mc_w.l(uldiv.o)
    0x08000382   0x00000000   Code   RO         6060    .text               mc_w.l(iusefp.o)
    0x08000382   0x0000006e   Code   RO         6061    .text               mf_w.l(fepilogue.o)
    0x080003f0   0x00000024   Code   RO         6073    .text               mc_w.l(init.o)
    0x08000414   0x0000001e   Code   RO         6075    .text               mc_w.l(llshl.o)
    0x08000432   0x00000020   Code   RO         6077    .text               mc_w.l(llushr.o)
    0x08000452   0x0000005e   Code   RO         6091    .text               mc_w.l(__dclz77c.o)
    0x080004b0   0x0000005c   Code   RO         5296    i.ADc_Init          hx710_1.o
    0x0800050c   0x00000038   Code   RO         4044    i.AUDIO_init        main.o
    0x08000544   0x0000002c   Code   RO         4045    i.Beep_Init         main.o
    0x08000570   0x0000003c   Code   RO         5079    i.BlockWrite        lcd.o
    0x080005ac   0x00000002   Code   RO         4204    i.BusFault_Handler  stm32f10x_it.o
    0x080005ae   0x0000000a   Code   RO         3311    i.ByteSwap          usb_regs.o
    0x080005b8   0x0000015c   Code   RO         3264    i.CTR_LP            usb_int.o
    0x08000714   0x00000028   Code   RO         3312    i.ClearDTOG_RX      usb_regs.o
    0x0800073c   0x00000028   Code   RO         3313    i.ClearDTOG_TX      usb_regs.o
    0x08000764   0x00000020   Code   RO         3318    i.Clear_Status_Out  usb_regs.o
    0x08000784   0x0000005c   Code   RO         3885    i.CustomHID_Data_Setup  usb_prop.o
    0x080007e0   0x0000000c   Code   RO         3886    i.CustomHID_GetConfigDescriptor  usb_prop.o
    0x080007ec   0x0000000c   Code   RO         3887    i.CustomHID_GetDeviceDescriptor  usb_prop.o
    0x080007f8   0x0000000c   Code   RO         3888    i.CustomHID_GetHIDDescriptor  usb_prop.o
    0x08000804   0x0000001c   Code   RO         3889    i.CustomHID_GetProtocolValue  usb_prop.o
    0x08000820   0x00000004   Code   RO         3890    i.CustomHID_GetReportDescriptor  usb_prop.o
    0x08000824   0x00000020   Code   RO         3891    i.CustomHID_GetStringDescriptor  usb_prop.o
    0x08000844   0x0000000a   Code   RO         3892    i.CustomHID_Get_Interface_Setting  usb_prop.o
    0x0800084e   0x00000002   PAD
    0x08000850   0x00000020   Code   RO         3893    i.CustomHID_NoData_Setup  usb_prop.o
    0x08000870   0x000000dc   Code   RO         3894    i.CustomHID_Reset   usb_prop.o
    0x0800094c   0x00000018   Code   RO         3895    i.CustomHID_SetConfiguration  usb_prop.o
    0x08000964   0x0000000c   Code   RO         3896    i.CustomHID_SetDeviceAddress  usb_prop.o
    0x08000970   0x00000018   Code   RO         3897    i.CustomHID_SetProtocol  usb_prop.o
    0x08000988   0x00000002   Code   RO         3898    i.CustomHID_Status_In  usb_prop.o
    0x0800098a   0x00000002   Code   RO         3899    i.CustomHID_Status_Out  usb_prop.o
    0x0800098c   0x00000024   Code   RO         3900    i.CustomHID_init    usb_prop.o
    0x080009b0   0x000000b4   Code   RO         3085    i.DataStageIn       usb_core.o
    0x08000a64   0x000000a4   Code   RO         3086    i.DataStageOut      usb_core.o
    0x08000b08   0x0000019c   Code   RO         3087    i.Data_Setup0       usb_core.o
    0x08000ca4   0x00000002   Code   RO         4205    i.DebugMon_Handler  stm32f10x_it.o
    0x08000ca6   0x00000024   Code   RO         5080    i.Delay             lcd.o
    0x08000cca   0x00000002   Code   RO         3789    i.EP1_IN_Callback   usb_endp.o
    0x08000ccc   0x00000054   Code   RO         3790    i.EP1_OUT_Callback  usb_endp.o
    0x08000d20   0x00000002   Code   RO         3791    i.EP2_IN_Callback   usb_endp.o
    0x08000d22   0x00000002   PAD
    0x08000d24   0x00000030   Code   RO         3792    i.EP2_OUT_Callback  usb_endp.o
    0x08000d54   0x00000002   Code   RO         3695    i.Enter_LowPowerMode  hw_config.o
    0x08000d56   0x00000002   PAD
    0x08000d58   0x0000003c   Code   RO          992    i.FLASH_ErasePage   stm32f10x_flash.o
    0x08000d94   0x00000028   Code   RO          993    i.FLASH_GetBank1Status  stm32f10x_flash.o
    0x08000dbc   0x00000010   Code   RO         1002    i.FLASH_Lock        stm32f10x_flash.o
    0x08000dcc   0x00000034   Code   RO         1005    i.FLASH_ProgramHalfWord  stm32f10x_flash.o
    0x08000e00   0x00000018   Code   RO         1010    i.FLASH_Unlock      stm32f10x_flash.o
    0x08000e18   0x00000024   Code   RO         1014    i.FLASH_WaitForLastOperation  stm32f10x_flash.o
    0x08000e3c   0x00000020   Code   RO         1170    i.FSMC_NORSRAMCmd   stm32f10x_fsmc.o
    0x08000e5c   0x000000c8   Code   RO         1172    i.FSMC_NORSRAMInit  stm32f10x_fsmc.o
    0x08000f24   0x000000a2   Code   RO         1285    i.GPIO_Init         stm32f10x_gpio.o
    0x08000fc6   0x0000000e   Code   RO         1289    i.GPIO_ReadInputDataBit  stm32f10x_gpio.o
    0x08000fd4   0x00000004   Code   RO         1292    i.GPIO_ResetBits    stm32f10x_gpio.o
    0x08000fd8   0x00000004   Code   RO         1293    i.GPIO_SetBits      stm32f10x_gpio.o
    0x08000fdc   0x00000070   Code   RO         5297    i.GetAdValue        hx710_1.o
    0x0800104c   0x00000020   Code   RO         3330    i.GetEPRxAddr       usb_regs.o
    0x0800106c   0x00000020   Code   RO         3331    i.GetEPRxCount      usb_regs.o
    0x0800108c   0x0000001c   Code   RO         3333    i.GetEPTxAddr       usb_regs.o
    0x080010a8   0x00000090   Code   RO         5315    i.Get_HzMat         text.o
    0x08001138   0x00000034   Code   RO         3697    i.Get_SerialNum     hw_config.o
    0x0800116c   0x00000034   Code   RO         4046    i.HDMI_init         main.o
    0x080011a0   0x00000002   Code   RO         4206    i.HardFault_Handler  stm32f10x_it.o
    0x080011a2   0x00000002   PAD
    0x080011a4   0x0000005c   Code   RO         3088    i.In0_Process       usb_core.o
    0x08001200   0x00000038   Code   RO         3698    i.IntToUnicode      hw_config.o
    0x08001238   0x0000001c   Code   RO         5422    i.K_init            keypad.o
    0x08001254   0x0000007c   Code   RO         5423    i.Key1_scan_init    keypad.o
    0x080012d0   0x000000b8   Code   RO         5424    i.Key2_scan_init    keypad.o
    0x08001388   0x00000052   Code   RO         5086    i.LCD_FSMC_Config   lcd.o
    0x080013da   0x00000002   PAD
    0x080013dc   0x00000038   Code   RO         5087    i.LCD_Fast_DrawPoint  lcd.o
    0x08001414   0x0000004c   Code   RO         5088    i.LCD_Fill          lcd.o
    0x08001460   0x00000038   Code   RO         5089    i.LCD_Fill_Pic      lcd.o
    0x08001498   0x000000d0   Code   RO         5256    i.LCD_GPIO_Config   display.o
    0x08001568   0x000000bc   Code   RO         5091    i.LCD_ShowChar      lcd.o
    0x08001624   0x000000b0   Code   RO         5092    i.LCD_ShowChar8     lcd.o
    0x080016d4   0x0000005a   Code   RO         5094    i.LCD_ShowString8   lcd.o
    0x0800172e   0x0000005a   Code   RO         5095    i.LCD_ShowString8_red  lcd.o
    0x08001788   0x0000005a   Code   RO         5096    i.LCD_ShowStringNum  lcd.o
    0x080017e2   0x00000002   PAD
    0x080017e4   0x0000002c   Code   RO         5099    i.Lcd_ColorBox      lcd.o
    0x08001810   0x0000040c   Code   RO         5100    i.Lcd_Initialize    lcd.o
    0x08001c1c   0x00000002   Code   RO         3699    i.Leave_LowPowerMode  hw_config.o
    0x08001c1e   0x00000002   Code   RO         4207    i.MemManage_Handler  stm32f10x_it.o
    0x08001c20   0x00000002   Code   RO         4208    i.NMI_Handler       stm32f10x_it.o
    0x08001c22   0x00000002   Code   RO         3089    i.NOP_Process       usb_core.o
    0x08001c24   0x00000064   Code   RO          132    i.NVIC_Init         misc.o
    0x08001c88   0x00000014   Code   RO          133    i.NVIC_PriorityGroupConfig  misc.o
    0x08001c9c   0x000000d4   Code   RO         3090    i.NoData_Setup0     usb_core.o
    0x08001d70   0x00000118   Code   RO         4381    i.OSInit            os_core.o
    0x08001e88   0x0000000c   Code   RO         4289    i.OSInitHookBegin   os_cpu_c.o
    0x08001e94   0x00000002   Code   RO         4290    i.OSInitHookEnd     os_cpu_c.o
    0x08001e96   0x00000002   PAD
    0x08001e98   0x00000018   Code   RO         4382    i.OSIntEnter        os_core.o
    0x08001eb0   0x0000005c   Code   RO         4383    i.OSIntExit         os_core.o
    0x08001f0c   0x00000040   Code   RO         4632    i.OSMboxCreate      os_mbox.o
    0x08001f4c   0x000000c8   Code   RO         4634    i.OSMboxPend        os_mbox.o
    0x08002014   0x0000004c   Code   RO         4636    i.OSMboxPost        os_mbox.o
    0x08002060   0x0000002c   Code   RO         4384    i.OSSchedLock       os_core.o
    0x0800208c   0x0000003c   Code   RO         4385    i.OSSchedUnlock     os_core.o
    0x080020c8   0x00000040   Code   RO         4811    i.OSSemCreate       os_sem.o
    0x08002108   0x000000b8   Code   RO         4813    i.OSSemPend         os_sem.o
    0x080021c0   0x00000052   Code   RO         4815    i.OSSemPost         os_sem.o
    0x08002212   0x00000002   PAD
    0x08002214   0x00000030   Code   RO         4386    i.OSStart           os_core.o
    0x08002244   0x00000002   Code   RO         4291    i.OSTCBInitHook     os_cpu_c.o
    0x08002246   0x00000002   PAD
    0x08002248   0x00000088   Code   RO         4865    i.OSTaskCreate      os_task.o
    0x080022d0   0x0000009c   Code   RO         4866    i.OSTaskCreateExt   os_task.o
    0x0800236c   0x00000002   Code   RO         4292    i.OSTaskCreateHook  os_cpu_c.o
    0x0800236e   0x00000002   Code   RO         4294    i.OSTaskIdleHook    os_cpu_c.o
    0x08002370   0x00000058   Code   RO         4870    i.OSTaskNameSet     os_task.o
    0x080023c8   0x00000088   Code   RO         4874    i.OSTaskResume      os_task.o
    0x08002450   0x00000002   Code   RO         4296    i.OSTaskStatHook    os_cpu_c.o
    0x08002452   0x00000002   PAD
    0x08002454   0x00000074   Code   RO         4875    i.OSTaskStkChk      os_task.o
    0x080024c8   0x00000074   Code   RO         4297    i.OSTaskStkInit     os_cpu_c.o
    0x0800253c   0x00000090   Code   RO         4876    i.OSTaskSuspend     os_task.o
    0x080025cc   0x00000002   Code   RO         4298    i.OSTaskSwHook      os_cpu_c.o
    0x080025ce   0x00000002   PAD
    0x080025d0   0x00000068   Code   RO         4960    i.OSTimeDly         os_time.o
    0x08002638   0x000000a0   Code   RO         4388    i.OSTimeTick        os_core.o
    0x080026d8   0x0000001c   Code   RO         4299    i.OSTimeTickHook    os_cpu_c.o
    0x080026f4   0x00000080   Code   RO         4996    i.OSTmrCreate       os_tmr.o
    0x08002774   0x0000000c   Code   RO         5000    i.OSTmrSignal       os_tmr.o
    0x08002780   0x00000064   Code   RO         5001    i.OSTmrStart        os_tmr.o
    0x080027e4   0x00000098   Code   RO         5003    i.OSTmrStop         os_tmr.o
    0x0800287c   0x000000ec   Code   RO         5005    i.OSTmr_Init        os_tmr.o
    0x08002968   0x0000004c   Code   RO         5006    i.OSTmr_Link        os_tmr.o
    0x080029b4   0x00000078   Code   RO         5007    i.OSTmr_Task        os_tmr.o
    0x08002a2c   0x00000040   Code   RO         5008    i.OSTmr_Unlink      os_tmr.o
    0x08002a6c   0x00000064   Code   RO         4391    i.OS_EventTaskRdy   os_core.o
    0x08002ad0   0x00000020   Code   RO         4392    i.OS_EventTaskRemove  os_core.o
    0x08002af0   0x00000048   Code   RO         4393    i.OS_EventTaskWait  os_core.o
    0x08002b38   0x00000014   Code   RO         4394    i.OS_EventWaitListInit  os_core.o
    0x08002b4c   0x00000048   Code   RO         4559    i.OS_FlagInit       os_flag.o
    0x08002b94   0x00000070   Code   RO         4395    i.OS_InitTCBList    os_core.o
    0x08002c04   0x00000012   Code   RO         4396    i.OS_MemClr         os_core.o
    0x08002c16   0x00000002   PAD
    0x08002c18   0x00000040   Code   RO         4748    i.OS_QInit          os_q.o
    0x08002c58   0x00000048   Code   RO         4398    i.OS_Sched          os_core.o
    0x08002ca0   0x00000020   Code   RO         4399    i.OS_SchedNew       os_core.o
    0x08002cc0   0x000000ec   Code   RO         4401    i.OS_TCBInit        os_core.o
    0x08002dac   0x0000001c   Code   RO         4402    i.OS_TaskIdle       os_core.o
    0x08002dc8   0x00000058   Code   RO         4403    i.OS_TaskStat       os_core.o
    0x08002e20   0x00000038   Code   RO         4404    i.OS_TaskStatStkChk  os_core.o
    0x08002e58   0x00000016   Code   RO         4878    i.OS_TaskStkClr     os_task.o
    0x08002e6e   0x00000002   PAD
    0x08002e70   0x00000048   Code   RO         3091    i.Out0_Process      usb_core.o
    0x08002eb8   0x00000020   Code   RO         3293    i.PMAToUserBufferCopy  usb_mem.o
    0x08002ed8   0x00000044   Code   RO         3092    i.Post0_Process     usb_core.o
    0x08002f1c   0x0000002c   Code   RO         4001    i.PowerOn           usb_pwr.o
    0x08002f48   0x00000018   Code   RO         1700    i.RCC_AHBPeriphClockCmd  stm32f10x_rcc.o
    0x08002f60   0x00000018   Code   RO         1701    i.RCC_APB1PeriphClockCmd  stm32f10x_rcc.o
    0x08002f78   0x00000018   Code   RO         1703    i.RCC_APB2PeriphClockCmd  stm32f10x_rcc.o
    0x08002f90   0x00000090   Code   RO         1711    i.RCC_GetClocksFreq  stm32f10x_rcc.o
    0x08003020   0x0000000c   Code   RO         1729    i.RCC_USBCLKConfig  stm32f10x_rcc.o
    0x0800302c   0x0000007c   Code   RO         4002    i.Resume            usb_pwr.o
    0x080030a8   0x00000020   Code   RO         4003    i.Resume_Init       usb_pwr.o
    0x080030c8   0x00000094   Code   RO         5487    i.SPI2_Init         spi.o
    0x0800315c   0x00000050   Code   RO         5488    i.SPI2_ReadWriteByte  spi.o
    0x080031ac   0x0000001c   Code   RO         5489    i.SPI2_SetSpeed     spi.o
    0x080031c8   0x00000014   Code   RO         2179    i.SPI_Cmd           stm32f10x_spi.o
    0x080031dc   0x0000000e   Code   RO         2187    i.SPI_I2S_GetFlagStatus  stm32f10x_spi.o
    0x080031ea   0x00000004   Code   RO         2190    i.SPI_I2S_ReceiveData  stm32f10x_spi.o
    0x080031ee   0x00000004   Code   RO         2191    i.SPI_I2S_SendData  stm32f10x_spi.o
    0x080031f2   0x00000038   Code   RO         2192    i.SPI_Init          stm32f10x_spi.o
    0x0800322a   0x00000002   PAD
    0x0800322c   0x0000001a   Code   RO         5511    i.STMFLASH_Read     stmflash.o
    0x08003246   0x00000002   PAD
    0x08003248   0x000000c4   Code   RO         5513    i.STMFLASH_Write    stmflash.o
    0x0800330c   0x00000028   Code   RO         5514    i.STMFLASH_Write_NoCheck  stmflash.o
    0x08003334   0x00000002   Code   RO         4210    i.SVC_Handler       stm32f10x_it.o
    0x08003336   0x00000002   PAD
    0x08003338   0x00000010   Code   RO         3341    i.SetBTABLE         usb_regs.o
    0x08003348   0x00000048   Code   RO         3093    i.SetDeviceAddress  usb_core.o
    0x08003390   0x00000020   Code   RO         3355    i.SetEPRxAddr       usb_regs.o
    0x080033b0   0x00000040   Code   RO         3356    i.SetEPRxCount      usb_regs.o
    0x080033f0   0x00000030   Code   RO         3357    i.SetEPRxStatus     usb_regs.o
    0x08003420   0x00000024   Code   RO         3358    i.SetEPRxValid      usb_regs.o
    0x08003444   0x00000020   Code   RO         3359    i.SetEPTxAddr       usb_regs.o
    0x08003464   0x0000001c   Code   RO         3360    i.SetEPTxCount      usb_regs.o
    0x08003480   0x00000030   Code   RO         3361    i.SetEPTxStatus     usb_regs.o
    0x080034b0   0x00000024   Code   RO         3362    i.SetEPTxValid      usb_regs.o
    0x080034d4   0x0000001c   Code   RO         3363    i.SetEPType         usb_regs.o
    0x080034f0   0x000000a8   Code   RO           10    i.SetSysClockTo72   system_stm32f10x.o
    0x08003598   0x00000014   Code   RO         3701    i.Set_USBClock      hw_config.o
    0x080035ac   0x00000068   Code   RO         3094    i.Setup0_Process    usb_core.o
    0x08003614   0x000000c8   Code   RO         5103    i.ShowChar8         lcd.o
    0x080036dc   0x00000096   Code   RO         5316    i.Show_Font         text.o
    0x08003772   0x00000092   Code   RO         5317    i.Show_Str          text.o
    0x08003804   0x000000fc   Code   RO         3095    i.Standard_ClearFeature  usb_core.o
    0x08003900   0x00000028   Code   RO         3096    i.Standard_GetConfiguration  usb_core.o
    0x08003928   0x0000001c   Code   RO         3097    i.Standard_GetDescriptorData  usb_core.o
    0x08003944   0x00000028   Code   RO         3098    i.Standard_GetInterface  usb_core.o
    0x0800396c   0x00000094   Code   RO         3099    i.Standard_GetStatus  usb_core.o
    0x08003a00   0x00000038   Code   RO         3100    i.Standard_SetConfiguration  usb_core.o
    0x08003a38   0x00000024   Code   RO         3101    i.Standard_SetDeviceFeature  usb_core.o
    0x08003a5c   0x00000088   Code   RO         3102    i.Standard_SetEndPointFeature  usb_core.o
    0x08003ae4   0x00000048   Code   RO         3103    i.Standard_SetInterface  usb_core.o
    0x08003b2c   0x00000020   Code   RO         4004    i.Suspend           usb_pwr.o
    0x08003b4c   0x00000018   Code   RO          136    i.SysTick_CLKSourceConfig  misc.o
    0x08003b64   0x00000020   Code   RO         5648    i.SysTick_Handler   delay.o
    0x08003b84   0x00000050   Code   RO           12    i.SystemInit        system_stm32f10x.o
    0x08003bd4   0x0000006c   Code   RO         5724    i.USART1_IRQHandler  usart.o
    0x08003c40   0x00000014   Code   RO         2855    i.USART_Cmd         stm32f10x_usart.o
    0x08003c54   0x0000003e   Code   RO         2859    i.USART_GetITStatus  stm32f10x_usart.o
    0x08003c92   0x00000030   Code   RO         2861    i.USART_ITConfig    stm32f10x_usart.o
    0x08003cc2   0x00000002   PAD
    0x08003cc4   0x000000ac   Code   RO         2862    i.USART_Init        stm32f10x_usart.o
    0x08003d70   0x00000008   Code   RO         2869    i.USART_ReceiveData  stm32f10x_usart.o
    0x08003d78   0x00000018   Code   RO         3702    i.USB_Cable_Config  hw_config.o
    0x08003d90   0x00000020   Code   RO         4267    i.USB_GetData       usbio.o
    0x08003db0   0x00000028   Code   RO         3237    i.USB_Init          usb_init.o
    0x08003dd8   0x00000020   Code   RO         3703    i.USB_Interrupts_Config  hw_config.o
    0x08003df8   0x000000bc   Code   RO         3862    i.USB_Istr          usb_istr.o
    0x08003eb4   0x00000004   Code   RO         4211    i.USB_LP_CAN1_RX0_IRQHandler  stm32f10x_it.o
    0x08003eb8   0x00000020   Code   RO         3671    i.USB_SIL_Init      usb_sil.o
    0x08003ed8   0x0000002e   Code   RO         4268    i.USB_SendData      usbio.o
    0x08003f06   0x00000002   Code   RO         4212    i.UsageFault_Handler  stm32f10x_it.o
    0x08003f08   0x0000002c   Code   RO         3294    i.UserToPMABufferCopy  usb_mem.o
    0x08003f34   0x00000078   Code   RO         5550    i.W25QXX_Init       w25qxx.o
    0x08003fac   0x00000050   Code   RO         5552    i.W25QXX_Read       w25qxx.o
    0x08003ffc   0x00000044   Code   RO         5553    i.W25QXX_ReadID     w25qxx.o
    0x08004040   0x00000024   Code   RO         5554    i.W25QXX_ReadSR     w25qxx.o
    0x08004064   0x00000020   Code   RO         5906    i.__0printf$5       mc_w.l(printf5.o)
    0x08004084   0x0000000e   Code   RO         6085    i.__scatterload_copy  mc_w.l(handlers.o)
    0x08004092   0x00000002   Code   RO         6086    i.__scatterload_null  mc_w.l(handlers.o)
    0x08004094   0x0000000e   Code   RO         6087    i.__scatterload_zeroinit  mc_w.l(handlers.o)
    0x080040a2   0x00000002   PAD
    0x080040a4   0x000002c0   Code   RO         5913    i._printf_core      mc_w.l(printf5.o)
    0x08004364   0x00000070   Code   RO         4048    i.ad_task           main.o
    0x080043d4   0x00000580   Code   RO         4049    i.contrl_task       main.o
    0x08004954   0x0000004c   Code   RO         5649    i.delay_init        delay.o
    0x080049a0   0x00000044   Code   RO         5650    i.delay_ms          delay.o
    0x080049e4   0x00000044   Code   RO         5654    i.delay_us          delay.o
    0x08004a28   0x00000028   Code   RO         5319    i.font_init         text.o
    0x08004a50   0x00000018   Code   RO         5726    i.fputc             usart.o
    0x08004a68   0x00000022   Code   RO         5459    i.get_place         plu_control.o
    0x08004a8a   0x00000002   PAD
    0x08004a8c   0x00000130   Code   RO         4050    i.key1_handle       main.o
    0x08004bbc   0x00000104   Code   RO         4051    i.key2_handle       main.o
    0x08004cc0   0x00000210   Code   RO         4052    i.key_task          main.o
    0x08004ed0   0x0000001c   Code   RO         5257    i.lcd_init          display.o
    0x08004eec   0x000000e0   Code   RO         4053    i.main              main.o
    0x08004fcc   0x000000cc   Code   RO         5258    i.pi_dispaly        display.o
    0x08005098   0x00000030   Code   RO         5460    i.plu_init          plu_control.o
    0x080050c8   0x00000284   Code   RO         5259    i.price_dis         display.o
    0x0800534c   0x000001a4   Code   RO         5425    i.pro_mode          keypad.o
    0x080054f0   0x00000088   Code   RO         4054    i.start_task        main.o
    0x08005578   0x00000028   Code   RO         4055    i.tmr1_callback     main.o
    0x080055a0   0x00000024   Code   RO         4056    i.tmr2_callback     main.o
    0x080055c4   0x000000a0   Code   RO         5727    i.uart_init         usart.o
    0x08005664   0x000000e8   Code   RO         5461    i.update_plu        plu_control.o
    0x0800574c   0x000001a8   Code   RO         4057    i.usb_in_func       main.o
    0x080058f4   0x00000038   Code   RO         4058    i.usb_task          main.o
    0x0800592c   0x000000f8   Code   RO         4059    i.weight_adjust     main.o
    0x08005a24   0x000000c4   Code   RO         5260    i.weight_dis        display.o
    0x08005ae8   0x00000012   Data   RO         3771    .constdata          usb_desc.o
    0x08005afa   0x00000020   Data   RO         3772    .constdata          usb_desc.o
    0x08005b1a   0x00000004   Data   RO         3773    .constdata          usb_desc.o
    0x08005b1e   0x00000014   Data   RO         3774    .constdata          usb_desc.o
    0x08005b32   0x0000001a   Data   RO         3775    .constdata          usb_desc.o
    0x08005b4c   0x00000100   Data   RO         4411    .constdata          os_core.o
    0x08005c4c   0x0000cc40   Data   RO         5107    .constdata          lcd.o
    0x0801288c   0x00006014   Data   RO         5109    .constdata          lcd.o
    0x080188a0   0x00000020   Data   RO         6083    Region$$Table       anon$$obj.o


    Execution Region RW_IRAM1 (Base: 0x20000000, Size: 0x000031e0, Max: 0x00010000, ABSOLUTE, COMPRESSED[0x000001a4])

    Base Addr    Size         Type   Attr      Idx    E Section Name        Object

    0x20000000   0x00000014   Data   RW           13    .data               system_stm32f10x.o
    0x20000014   0x00000014   Data   RW         1731    .data               stm32f10x_rcc.o
    0x20000028   0x00000004   Data   RW         3104    .data               usb_core.o
    0x2000002c   0x00000001   Data   RW         3239    .data               usb_init.o
    0x2000002d   0x00000003   PAD
    0x20000030   0x0000000c   Data   RW         3240    .data               usb_init.o
    0x2000003c   0x00000002   Data   RW         3242    .data               usb_init.o
    0x2000003e   0x00000004   Data   RW         3265    .data               usb_int.o
    0x20000042   0x0000001a   Data   RW         3776    .data               usb_desc.o
    0x2000005c   0x00000008   Data   RW         3795    .data               usb_endp.o
    0x20000064   0x00000004   Data   RW         3863    .data               usb_istr.o
    0x20000068   0x0000001c   Data   RW         3864    .data               usb_istr.o
    0x20000084   0x0000001c   Data   RW         3865    .data               usb_istr.o
    0x200000a0   0x00000002   Data   RW         3901    .data               usb_prop.o
    0x200000a2   0x00000002   PAD
    0x200000a4   0x0000006c   Data   RW         3902    .data               usb_prop.o
    0x20000110   0x00000024   Data   RW         3903    .data               usb_prop.o
    0x20000134   0x00000004   Data   RW         4005    .data               usb_pwr.o
    0x20000138   0x00000001   Data   RW         4006    .data               usb_pwr.o
    0x20000139   0x00000002   Data   RW         4007    .data               usb_pwr.o
    0x2000013b   0x00000001   PAD
    0x2000013c   0x000002b0   Data   RW         4062    .data               main.o
    0x200003ec   0x00000002   Data   RW         4301    .data               os_cpu_c.o
    0x200003ee   0x00000002   PAD
    0x200003f0   0x0000003c   Data   RW         4412    .data               os_core.o
    0x2000042c   0x00000004   Data   RW         4413    .data               os_core.o
    0x20000430   0x00000004   Data   RW         4414    .data               os_core.o
    0x20000434   0x00000002   Data   RW         4415    .data               os_core.o
    0x20000436   0x00000002   Data   RW         4416    .data               os_core.o
    0x20000438   0x00000004   Data   RW         4417    .data               os_core.o
    0x2000043c   0x00000004   Data   RW         4418    .data               os_core.o
    0x20000440   0x00000004   Data   RW         4419    .data               os_core.o
    0x20000444   0x00000004   Data   RW         4420    .data               os_core.o
    0x20000448   0x00000001   Data   RW         5261    .data               display.o
    0x20000449   0x00000003   PAD
    0x2000044c   0x00000088   Data   RW         5426    .data               keypad.o
    0x200004d4   0x00000002   Data   RW         5564    .data               w25qxx.o
    0x200004d6   0x00000004   Data   RW         5655    .data               delay.o
    0x200004da   0x00000002   Data   RW         5729    .data               usart.o
    0x200004dc   0x00000004   Data   RW         5730    .data               usart.o
    0x200004e0   0x0000001c   Zero   RW         3238    .bss                usb_init.o
    0x200004fc   0x00000100   Zero   RW         3793    .bss                usb_endp.o
    0x200005fc   0x00000eec   Zero   RW         4060    .bss                main.o
    0x200014e8   0x00000a60   Zero   RW         4405    .bss                os_core.o
    0x20001f48   0x00000050   Zero   RW         4406    .bss                os_core.o
    0x20001f98   0x00000090   Zero   RW         4407    .bss                os_core.o
    0x20002028   0x00000280   Zero   RW         4408    .bss                os_core.o
    0x200022a8   0x00000200   Zero   RW         4409    .bss                os_core.o
    0x200024a8   0x00000040   Zero   RW         4410    .bss                os_core.o
    0x200024e8   0x0000000e   Zero   RW         5105    .bss                lcd.o
    0x200024f6   0x00000021   Zero   RW         5320    .bss                text.o
    0x20002517   0x00000001   PAD
    0x20002518   0x00000800   Zero   RW         5516    .bss                stmflash.o
    0x20002d18   0x000000c8   Zero   RW         5728    .bss                usart.o
    0x20002de0   0x00000400   Zero   RW            1    STACK               startup_stm32f10x_ld.o


==============================================================================

Image component sizes


      Code (inc. data)   RO Data    RW Data    ZI Data      Debug   Object Name

       244         36          0          4          0       3069   delay.o
      1280         56          0          1          0       4023   display.o
       188         12          0          0          0       3985   hw_config.o
       204         26          0          0          0       1104   hx710_1.o
       756        140          0        136          0       3817   keypad.o
      2280         80      76884          0         14      19253   lcd.o
      3928        534          0        688       3820      14228   main.o
       144         16          0          0          0       2213   misc.o
      1574        178        256         88       4096      21074   os_core.o
       180         36          0          0          0        348   os_cpu_a.o
       168          8          0          2          0      13944   os_cpu_c.o
        72         12          0          0          0        602   os_flag.o
       340         22          0          0          0       2761   os_mbox.o
        64          8          0          0          0        607   os_q.o
       330         22          0          0          0       2550   os_sem.o
       798         76          0          0          0       6323   os_task.o
       104         22          0          0          0        672   os_time.o
       888        122          0          0          0       6258   os_tmr.o
       314         36          0          0          0       2632   plu_control.o
       256         18          0          0          0       1745   spi.o
        36          8        236          0       1024        928   startup_stm32f10x_ld.o
       228         30          0          0          0       5559   stm32f10x_flash.o
       232          6          0          0          0       2017   stm32f10x_fsmc.o
       184          0          0          0          0       3784   stm32f10x_gpio.o
        18          0          0          0          0       3396   stm32f10x_it.o
       228         38          0         20          0       5853   stm32f10x_rcc.o
        98          0          0          0          0       4098   stm32f10x_spi.o
       310          6          0          0          0       5270   stm32f10x_usart.o
       262          6          0          0       2048       3169   stmflash.o
       248         24          0         20          0     256137   system_stm32f10x.o
       480         14          0          0         33       4779   text.o
       292         28          0          6        200       3704   usart.o
      2186        284          0          4          0      18587   usb_core.o
         0          0        100         26          0       1085   usb_desc.o
       136         38          0          8        256      12302   usb_endp.o
        40         18          0         15         28       4178   usb_init.o
       348         30          0          4          0       1756   usb_int.o
       188         22          0         60          0       1340   usb_istr.o
        76         12          0          0          0       1880   usb_mem.o
       554        108          0        146          0      11877   usb_prop.o
       232         34          0          7          0       3346   usb_pwr.o
       582        100          0          0          0      10073   usb_regs.o
        32          8          0          0          0        519   usb_sil.o
        78          6          0          0          0       1710   usbio.o
       304         42          0          2          0       3214   w25qxx.o

    ----------------------------------------------------------------------
     21520       2322      77508       1248      11520     481769   Object Totals
         0          0         32          0          0          0   (incl. Generated)
        36          0          0         11          1          0   (incl. Padding)

    ----------------------------------------------------------------------

      Code (inc. data)   RO Data    RW Data    ZI Data      Debug   Library Member Name

        94          0          0          0          0          0   __dclz77c.o
         0          0          0          0          0          0   entry.o
         0          0          0          0          0          0   entry10a.o
         0          0          0          0          0          0   entry11a.o
         8          4          0          0          0          0   entry2.o
         4          0          0          0          0          0   entry5.o
         0          0          0          0          0          0   entry7b.o
         0          0          0          0          0          0   entry8b.o
         8          4          0          0          0          0   entry9a.o
        30          0          0          0          0          0   handlers.o
        36          8          0          0          0         68   init.o
         0          0          0          0          0          0   iusefp.o
        30          0          0          0          0         68   llshl.o
        32          0          0          0          0         68   llushr.o
        36          0          0          0          0        108   memseta.o
       736         56          0          0          0        184   printf5.o
        98          0          0          0          0         92   uldiv.o
       124          0          0          0          0         88   fdiv.o
       110          0          0          0          0        168   fepilogue.o
        50          0          0          0          0         68   ffixi.o
        18          0          0          0          0         68   fflti.o
       100          0          0          0          0         76   fmul.o

    ----------------------------------------------------------------------
      1516         72          0          0          0       1056   Library Totals
         2          0          0          0          0          0   (incl. Padding)

    ----------------------------------------------------------------------

      Code (inc. data)   RO Data    RW Data    ZI Data      Debug   Library Name

      1112         72          0          0          0        588   mc_w.l
       402          0          0          0          0        468   mf_w.l

    ----------------------------------------------------------------------
      1516         72          0          0          0       1056   Library Totals

    ----------------------------------------------------------------------

==============================================================================


      Code (inc. data)   RO Data    RW Data    ZI Data      Debug   

     23036       2394      77508       1248      11520     470785   Grand Totals
     23036       2394      77508        420      11520     470785   ELF Image Totals (compressed)
     23036       2394      77508        420          0          0   ROM Totals

==============================================================================

    Total RO  Size (Code + RO Data)               100544 (  98.19kB)
    Total RW  Size (RW Data + ZI Data)             12768 (  12.47kB)
    Total ROM Size (Code + RO Data + RW Data)     100964 (  98.60kB)

==============================================================================

